// Jest Snapshot v1, https://goo.gl/fbAQLP

exports[`<Main /> should correctly render component 1`] = `ReactWrapper {}`;
