// Jest Snapshot v1, https://goo.gl/fbAQLP

exports[`<Header /> contains a <Title/> component 1`] = `ShallowWrapper {}`;
