// Jest Snapshot v1, https://goo.gl/fbAQLP

exports[`<TicketDetailsModal /> should correctly renders component 1`] = `ReactWrapper {}`;
