// Jest Snapshot v1, https://goo.gl/fbAQLP

exports[`<TicketDeleteModal /> should correctly renders component 1`] = `ReactWrapper {}`;
