// Jest Snapshot v1, https://goo.gl/fbAQLP

exports[`<Title /> contains a <Title/> component 1`] = `ShallowWrapper {}`;
